../Src/main.c:44:6:USB_CDC_init	24	static
../Src/main.c:109:20:FPU_Enable	4	static,ignoring_inline_asm
../Src/main.c:117:6:TIM1_init	8	static
../Src/main.c:131:6:TIM2_init	8	static
../Src/main.c:141:6:TIM2_PWM	24	static
../Src/main.c:170:6:control_step	32	static
../Src/main.c:180:6:control_step_x_y	56	static
../Src/main.c:211:6:usb_reiceive_handle	64	static
../Src/main.c:317:6:gpio_init	24	static
../Src/main.c:342:5:main	8	static
../Src/main.c:355:6:OTG_FS_IRQHandler	8	static
../Src/main.c:359:6:TIM1_UP_TIM10_IRQHandler	8	static
