Archive member included to satisfy reference by file (symbol)

D:/STM32CubeIDE_1.16.1/STM32CubeIDE/plugins/com.st.stm32cube.ide.mcu.externaltools.gnu-tools-for-stm32.12.3.rel1.win32_1.0.200.202406191623/tools/bin/../lib/gcc/arm-none-eabi/12.3.1/../../../../arm-none-eabi/lib/thumb/v7e-m+fp/hard\libc_nano.a(libc_a-exit.o)
                              D:/STM32CubeIDE_1.16.1/STM32CubeIDE/plugins/com.st.stm32cube.ide.mcu.externaltools.gnu-tools-for-stm32.12.3.rel1.win32_1.0.200.202406191623/tools/bin/../lib/gcc/arm-none-eabi/12.3.1/../../../../arm-none-eabi/lib/thumb/v7e-m+fp/hard/crt0.o (exit)
D:/STM32CubeIDE_1.16.1/STM32CubeIDE/plugins/com.st.stm32cube.ide.mcu.externaltools.gnu-tools-for-stm32.12.3.rel1.win32_1.0.200.202406191623/tools/bin/../lib/gcc/arm-none-eabi/12.3.1/../../../../arm-none-eabi/lib/thumb/v7e-m+fp/hard\libc_nano.a(libc_a-findfp.o)
                              D:/STM32CubeIDE_1.16.1/STM32CubeIDE/plugins/com.st.stm32cube.ide.mcu.externaltools.gnu-tools-for-stm32.12.3.rel1.win32_1.0.200.202406191623/tools/bin/../lib/gcc/arm-none-eabi/12.3.1/../../../../arm-none-eabi/lib/thumb/v7e-m+fp/hard\libc_nano.a(libc_a-exit.o) (__stdio_exit_handler)
D:/STM32CubeIDE_1.16.1/STM32CubeIDE/plugins/com.st.stm32cube.ide.mcu.externaltools.gnu-tools-for-stm32.12.3.rel1.win32_1.0.200.202406191623/tools/bin/../lib/gcc/arm-none-eabi/12.3.1/../../../../arm-none-eabi/lib/thumb/v7e-m+fp/hard\libc_nano.a(libc_a-fwalk.o)
                              D:/STM32CubeIDE_1.16.1/STM32CubeIDE/plugins/com.st.stm32cube.ide.mcu.externaltools.gnu-tools-for-stm32.12.3.rel1.win32_1.0.200.202406191623/tools/bin/../lib/gcc/arm-none-eabi/12.3.1/../../../../arm-none-eabi/lib/thumb/v7e-m+fp/hard\libc_nano.a(libc_a-findfp.o) (_fwalk_sglue)
D:/STM32CubeIDE_1.16.1/STM32CubeIDE/plugins/com.st.stm32cube.ide.mcu.externaltools.gnu-tools-for-stm32.12.3.rel1.win32_1.0.200.202406191623/tools/bin/../lib/gcc/arm-none-eabi/12.3.1/../../../../arm-none-eabi/lib/thumb/v7e-m+fp/hard\libc_nano.a(libc_a-stdio.o)
                              D:/STM32CubeIDE_1.16.1/STM32CubeIDE/plugins/com.st.stm32cube.ide.mcu.externaltools.gnu-tools-for-stm32.12.3.rel1.win32_1.0.200.202406191623/tools/bin/../lib/gcc/arm-none-eabi/12.3.1/../../../../arm-none-eabi/lib/thumb/v7e-m+fp/hard\libc_nano.a(libc_a-findfp.o) (__sread)
D:/STM32CubeIDE_1.16.1/STM32CubeIDE/plugins/com.st.stm32cube.ide.mcu.externaltools.gnu-tools-for-stm32.12.3.rel1.win32_1.0.200.202406191623/tools/bin/../lib/gcc/arm-none-eabi/12.3.1/../../../../arm-none-eabi/lib/thumb/v7e-m+fp/hard\libc_nano.a(libc_a-memset.o)
                              D:/STM32CubeIDE_1.16.1/STM32CubeIDE/plugins/com.st.stm32cube.ide.mcu.externaltools.gnu-tools-for-stm32.12.3.rel1.win32_1.0.200.202406191623/tools/bin/../lib/gcc/arm-none-eabi/12.3.1/../../../../arm-none-eabi/lib/thumb/v7e-m+fp/hard/crt0.o (memset)
D:/STM32CubeIDE_1.16.1/STM32CubeIDE/plugins/com.st.stm32cube.ide.mcu.externaltools.gnu-tools-for-stm32.12.3.rel1.win32_1.0.200.202406191623/tools/bin/../lib/gcc/arm-none-eabi/12.3.1/../../../../arm-none-eabi/lib/thumb/v7e-m+fp/hard\libc_nano.a(libc_a-closer.o)
                              D:/STM32CubeIDE_1.16.1/STM32CubeIDE/plugins/com.st.stm32cube.ide.mcu.externaltools.gnu-tools-for-stm32.12.3.rel1.win32_1.0.200.202406191623/tools/bin/../lib/gcc/arm-none-eabi/12.3.1/../../../../arm-none-eabi/lib/thumb/v7e-m+fp/hard\libc_nano.a(libc_a-stdio.o) (_close_r)
D:/STM32CubeIDE_1.16.1/STM32CubeIDE/plugins/com.st.stm32cube.ide.mcu.externaltools.gnu-tools-for-stm32.12.3.rel1.win32_1.0.200.202406191623/tools/bin/../lib/gcc/arm-none-eabi/12.3.1/../../../../arm-none-eabi/lib/thumb/v7e-m+fp/hard\libc_nano.a(libc_a-reent.o)
                              D:/STM32CubeIDE_1.16.1/STM32CubeIDE/plugins/com.st.stm32cube.ide.mcu.externaltools.gnu-tools-for-stm32.12.3.rel1.win32_1.0.200.202406191623/tools/bin/../lib/gcc/arm-none-eabi/12.3.1/../../../../arm-none-eabi/lib/thumb/v7e-m+fp/hard\libc_nano.a(libc_a-closer.o) (errno)
D:/STM32CubeIDE_1.16.1/STM32CubeIDE/plugins/com.st.stm32cube.ide.mcu.externaltools.gnu-tools-for-stm32.12.3.rel1.win32_1.0.200.202406191623/tools/bin/../lib/gcc/arm-none-eabi/12.3.1/../../../../arm-none-eabi/lib/thumb/v7e-m+fp/hard\libc_nano.a(libc_a-impure.o)
                              D:/STM32CubeIDE_1.16.1/STM32CubeIDE/plugins/com.st.stm32cube.ide.mcu.externaltools.gnu-tools-for-stm32.12.3.rel1.win32_1.0.200.202406191623/tools/bin/../lib/gcc/arm-none-eabi/12.3.1/../../../../arm-none-eabi/lib/thumb/v7e-m+fp/hard\libc_nano.a(libc_a-reent.o) (_impure_ptr)
D:/STM32CubeIDE_1.16.1/STM32CubeIDE/plugins/com.st.stm32cube.ide.mcu.externaltools.gnu-tools-for-stm32.12.3.rel1.win32_1.0.200.202406191623/tools/bin/../lib/gcc/arm-none-eabi/12.3.1/../../../../arm-none-eabi/lib/thumb/v7e-m+fp/hard\libc_nano.a(libc_a-lseekr.o)
[...]
Memory Configuration

Name             Origin             Length             Attributes
CCMRAM           0x10000000         0x00010000         xrw
RAM              0x20000000         0x00020000         xrw
FLASH            0x08000000         0x00100000         xr
*default*        0x00000000         0xffffffff

Linker script and memory map

LOAD D:/STM32CubeIDE_1.16.1/STM32CubeIDE/plugins/com.st.stm32cube.ide.mcu.externaltools.gnu-tools-for-stm32.12.3.rel1.win32_1.0.200.202406191623/tools/bin/../lib/gcc/arm-none-eabi/12.3.1/thumb/v7e-m+fp/hard/crti.o
LOAD D:/STM32CubeIDE_1.16.1/STM32CubeIDE/plugins/com.st.stm32cube.ide.mcu.externaltools.gnu-tools-for-stm32.12.3.rel1.win32_1.0.200.202406191623/tools/bin/../lib/gcc/arm-none-eabi/12.3.1/thumb/v7e-m+fp/hard/crtbegin.o
LOAD D:/STM32CubeIDE_1.16.1/STM32CubeIDE/plugins/com.st.stm32cube.ide.mcu.externaltools.gnu-tools-for-stm32.12.3.rel1.win32_1.0.200.202406191623/tools/bin/../lib/gcc/arm-none-eabi/12.3.1/../../../../arm-none-eabi/lib/thumb/v7e-m+fp/hard/crt0.o
LOAD ./Src/main.o
LOAD ./Src/syscalls.o
LOAD ./Src/sysmem.o
LOAD ./Startup/startup_stm32f407vgtx.o
LOAD ./driver/src/adc.o
LOAD ./driver/src/gpio.o
LOAD ./driver/src/i2c.o
LOAD ./driver/src/otg.o
LOAD ./driver/src/rcc.o
LOAD ./driver/src/spi.o
LOAD ./driver/src/timer.o
LOAD ./driver/src/uart.o
START GROUP
LOAD D:/STM32CubeIDE_1.16.1/STM32CubeIDE/plugins/com.st.stm32cube.ide.mcu.externaltools.gnu-tools-for-stm32.12.3.rel1.win32_1.0.200.202406191623/tools/bin/../lib/gcc/arm-none-eabi/12.3.1/../../../../arm-none-eabi/lib/thumb/v7e-m+fp/hard\libc_nano.a
LOAD D:/STM32CubeIDE_1.16.1/STM32CubeIDE/plugins/com.st.stm32cube.ide.mcu.externaltools.gnu-tools-for-stm32.12.3.rel1.win32_1.0.200.202406191623/tools/bin/../lib/gcc/arm-none-eabi/12.3.1/../../../../arm-none-eabi/lib/thumb/v7e-m+fp/hard\libm.a
END GROUP
START GROUP
LOAD D:/STM32CubeIDE_1.16.1/STM32CubeIDE/plugins/com.st.stm32cube.ide.mcu.externaltools.gnu-tools-for-stm32.12.3.rel1.win32_1.0.200.202406191623/tools/bin/../lib/gcc/arm-none-eabi/12.3.1/thumb/v7e-m+fp/hard\libgcc.a
LOAD D:/STM32CubeIDE_1.16.1/STM32CubeIDE/plugins/com.st.stm32cube.ide.mcu.externaltools.gnu-tools-for-stm32.12.3.rel1.win32_1.0.200.202406191623/tools/bin/../lib/gcc/arm-none-eabi/12.3.1/../../../../arm-none-eabi/lib/thumb/v7e-m+fp/hard\libc_nano.a
END GROUP
START GROUP
LOAD D:/STM32CubeIDE_1.16.1/STM32CubeIDE/plugins/com.st.stm32cube.ide.mcu.externaltools.gnu-tools-for-stm32.12.3.rel1.win32_1.0.200.202406191623/tools/bin/../lib/gcc/arm-none-eabi/12.3.1/thumb/v7e-m+fp/hard\libgcc.a
LOAD D:/STM32CubeIDE_1.16.1/STM32CubeIDE/plugins/com.st.stm32cube.ide.mcu.externaltools.gnu-tools-for-stm32.12.3.rel1.win32_1.0.200.202406191623/tools/bin/../lib/gcc/arm-none-eabi/12.3.1/../../../../arm-none-eabi/lib/thumb/v7e-m+fp/hard\libc_nano.a
LOAD D:/STM32CubeIDE_1.16.1/STM32CubeIDE/plugins/com.st.stm32cube.ide.mcu.externaltools.gnu-tools-for-stm32.12.3.rel1.win32_1.0.200.202406191623/tools/bin/../lib/gcc/arm-none-eabi/12.3.1/../../../../arm-none-eabi/lib/thumb/v7e-m+fp/hard\libnosys.a
END GROUP
START GROUP
LOAD D:/STM32CubeIDE_1.16.1/STM32CubeIDE/plugins/com.st.stm32cube.ide.mcu.externaltools.gnu-tools-for-stm32.12.3.rel1.win32_1.0.200.202406191623/tools/bin/../lib/gcc/arm-none-eabi/12.3.1/thumb/v7e-m+fp/hard\libgcc.a
LOAD D:/STM32CubeIDE_1.16.1/STM32CubeIDE/plugins/com.st.stm32cube.ide.mcu.externaltools.gnu-tools-for-stm32.12.3.rel1.win32_1.0.200.202406191623/tools/bin/../lib/gcc/arm-none-eabi/12.3.1/../../../../arm-none-eabi/lib/thumb/v7e-m+fp/hard\libc_nano.a
LOAD D:/STM32CubeIDE_1.16.1/STM32CubeIDE/plugins/com.st.stm32cube.ide.mcu.externaltools.gnu-tools-for-stm32.12.3.rel1.win32_1.0.200.202406191623/tools/bin/../lib/gcc/arm-none-eabi/12.3.1/../../../../arm-none-eabi/lib/thumb/v7e-m+fp/hard\libnosys.a
END GROUP
LOAD D:/STM32CubeIDE_1.16.1/STM32CubeIDE/plugins/com.st.stm32cube.ide.mcu.externaltools.gnu-tools-for-stm32.12.3.rel1.win32_1.0.200.202406191623/tools/bin/../lib/gcc/arm-none-eabi/12.3.1/thumb/v7e-m+fp/hard/crtend.o
LOAD D:/STM32CubeIDE_1.16.1/STM32CubeIDE/plugins/com.st.stm32cube.ide.mcu.externaltools.gnu-tools-for-stm32.12.3.rel1.win32_1.0.200.202406191623/tools/bin/../lib/gcc/arm-none-eabi/12.3.1/thumb/v7e-m+fp/hard/crtn.o
                0x20020000                        _estack = (ORIGIN (RAM) + LENGTH (RAM))
                0x00000200                        _Min_Heap_Size = 0x200
                0x00000400                        _Min_Stack_Size = 0x400

.isr_vector     0x08000000      0x188
                0x08000000                        . = ALIGN (0x4)
 *(.isr_vector)
 .isr_vector    0x08000000      0x188 ./Startup/startup_stm32f407vgtx.o
                0x08000000                g_pfnVectors
                0x08000188                        . = ALIGN (0x4)

.text           0x08000188     0x2590
                0x08000188                        . = ALIGN (0x4)
 *(.text)
 .text          0x08000188       0x40 D:/STM32CubeIDE_1.16.1/STM32CubeIDE/plugins/com.st.stm32cube.ide.mcu.externaltools.gnu-tools-for-stm32.12.3.rel1.win32_1.0.200.202406191623/tools/bin/../lib/gcc/arm-none-eabi/12.3.1/thumb/v7e-m+fp/hard/crtbegin.o
 *(.text*)
 .text.USB_CDC_init
                0x080001c8      0x1c8 ./Src/main.o
                0x080001c8                USB_CDC_init
 .text.FPU_Enable
                0x08000390       0x44 ./Src/main.o
 .text.TIM1_init
                0x080003d4       0x64 ./Src/main.o
                0x080003d4                TIM1_init
 .text.TIM2_init
                0x08000438       0x38 ./Src/main.o
                0x08000438                TIM2_init
 .text.TIM2_PWM
                0x08000470       0xd8 ./Src/main.o
                0x08000470                TIM2_PWM
 .text.control_step_x_y
                0x08000548      0x150 ./Src/main.o
                0x08000548                control_step_x_y
 .text.usb_reiceive_handle
                0x08000698      0x4e0 ./Src/main.o
                0x08000698                usb_reiceive_handle
 .text.gpio_init
                0x08000b78       0x88 ./Src/main.o
                0x08000b78                gpio_init
 .text.main     0x08000c00       0x20 ./Src/main.o
                0x08000c00                main
 .text.OTG_FS_IRQHandler
                0x08000c20       0x14 ./Src/main.o
                0x08000c20                OTG_FS_IRQHandler
 .text.TIM1_UP_TIM10_IRQHandler
                0x08000c34       0x40 ./Src/main.o
                0x08000c34                TIM1_UP_TIM10_IRQHandler
 .text.Reset_Handler
                0x08000c74       0x50 ./Startup/startup_stm32f407vgtx.o
                0x08000c74                Reset_Handler
 .text.Default_Handler
                0x08000cc4        0x2 ./Startup/startup_stm32f407vgtx.o
                0x08000cc4                RTC_Alarm_IRQHandler
                0x08000cc4                HASH_RNG_IRQHandler
                0x08000cc4                EXTI2_IRQHandler
                0x08000cc4                TIM8_CC_IRQHandler
                0x08000cc4                DebugMon_Handler
                0x08000cc4                TIM1_CC_IRQHandler
                0x08000cc4                DMA2_Stream5_IRQHandler
                0x08000cc4                HardFault_Handler
                0x08000cc4                DMA1_Stream5_IRQHandler
                0x08000cc4                SysTick_Handler
                0x08000cc4                PVD_IRQHandler
                0x08000cc4                SDIO_IRQHandler
                0x08000cc4                TAMP_STAMP_IRQHandler
                0x08000cc4                PendSV_Handler
                0x08000cc4                NMI_Handler
                0x08000cc4                CAN2_RX1_IRQHandler
                0x08000cc4                EXTI3_IRQHandler
                0x08000cc4                TIM8_TRG_COM_TIM14_IRQHandler
                0x08000cc4                TIM8_UP_TIM13_IRQHandler
                0x08000cc4                I2C3_ER_IRQHandler
                0x08000cc4                EXTI0_IRQHandler
                0x08000cc4                I2C2_EV_IRQHandler
                0x08000cc4                DMA1_Stream2_IRQHandler
                0x08000cc4                CAN1_RX0_IRQHandler
                0x08000cc4                FPU_IRQHandler
                0x08000cc4                OTG_HS_WKUP_IRQHandler
                0x08000cc4                UsageFault_Handler
                0x08000cc4                CAN2_SCE_IRQHandler
                0x08000cc4                DMA2_Stream2_IRQHandler
                0x08000cc4                SPI1_IRQHandler
                0x08000cc4                TIM6_DAC_IRQHandler
                0x08000cc4                TIM1_BRK_TIM9_IRQHandler
                0x08000cc4                DCMI_IRQHandler
                0x08000cc4                CAN2_RX0_IRQHandler
                0x08000cc4                DMA2_Stream3_IRQHandler
                0x08000cc4                USART6_IRQHandler
                0x08000cc4                USART3_IRQHandler
                0x08000cc4                CRYP_IRQHandler
                0x08000cc4                CAN1_RX1_IRQHandler
                0x08000cc4                UART5_IRQHandler
                0x08000cc4                DMA2_Stream0_IRQHandler
                0x08000cc4                TIM4_IRQHandler
                0x08000cc4                I2C1_EV_IRQHandler
                0x08000cc4                DMA1_Stream6_IRQHandler
                0x08000cc4                DMA1_Stream1_IRQHandler
                0x08000cc4                UART4_IRQHandler
                0x08000cc4                TIM3_IRQHandler
                0x08000cc4                RCC_IRQHandler
                0x08000cc4                TIM8_BRK_TIM12_IRQHandler
                0x08000cc4                Default_Handler
                0x08000cc4                EXTI15_10_IRQHandler
                0x08000cc4                ADC_IRQHandler
                0x08000cc4                DMA1_Stream7_IRQHandler
                0x08000cc4                TIM7_IRQHandler
                0x08000cc4                CAN2_TX_IRQHandler
                0x08000cc4                TIM5_IRQHandler
                0x08000cc4                DMA2_Stream7_IRQHandler
                0x08000cc4                I2C3_EV_IRQHandler
                0x08000cc4                EXTI9_5_IRQHandler
                0x08000cc4                RTC_WKUP_IRQHandler
                0x08000cc4                ETH_WKUP_IRQHandler
                0x08000cc4                SPI2_IRQHandler
                0x08000cc4                OTG_HS_EP1_IN_IRQHandler
                0x08000cc4                MemManage_Handler
                0x08000cc4                DMA1_Stream0_IRQHandler
                0x08000cc4                CAN1_TX_IRQHandler
                0x08000cc4                SVC_Handler
                0x08000cc4                EXTI4_IRQHandler
                0x08000cc4                FSMC_IRQHandler
                0x08000cc4                ETH_IRQHandler
                0x08000cc4                OTG_HS_EP1_OUT_IRQHandler
                0x08000cc4                WWDG_IRQHandler
                0x08000cc4                TIM2_IRQHandler
                0x08000cc4                OTG_FS_WKUP_IRQHandler
                0x08000cc4                TIM1_TRG_COM_TIM11_IRQHandler
                0x08000cc4                OTG_HS_IRQHandler
                0x08000cc4                EXTI1_IRQHandler
                0x08000cc4                USART2_IRQHandler
                0x08000cc4                I2C2_ER_IRQHandler
                0x08000cc4                DMA2_Stream1_IRQHandler
                0x08000cc4                CAN1_SCE_IRQHandler
                0x08000cc4                DMA2_Stream4_IRQHandler
                0x08000cc4                BusFault_Handler
                0x08000cc4                USART1_IRQHandler
                0x08000cc4                SPI3_IRQHandler
                0x08000cc4                DMA1_Stream4_IRQHandler
                0x08000cc4                I2C1_ER_IRQHandler
                0x08000cc4                DMA2_Stream6_IRQHandler
                0x08000cc4                DMA1_Stream3_IRQHandler
 *fill*         0x08000cc6        0x2 
 .text.GPIO_CLK
                0x08000cc8      0x1d0 ./driver/src/gpio.o
                0x08000cc8                GPIO_CLK
 .text.GPIO_Init
                0x08000e98      0x38c ./driver/src/gpio.o
                0x08000e98                GPIO_Init
 .text.GPIO_WritePin
                0x08001224       0x7a ./driver/src/gpio.o
                0x08001224                GPIO_WritePin
 .text.GPIO_TogglePin
                0x0800129e       0x7c ./driver/src/gpio.o
                0x0800129e                GPIO_TogglePin
 *fill*         0x0800131a        0x2 
 .text.NVIC_ConFig
                0x0800131c      0x10c ./driver/src/gpio.o
                0x0800131c                NVIC_ConFig
 .text.NVIC_PRIORITY
                0x08001428       0x5a ./driver/src/gpio.o
                0x08001428                NVIC_PRIORITY
 .text.CDC_SendData
                0x08001482      0x106 ./driver/src/otg.o
                0x08001482                CDC_SendData
 .text.OTG_Stop_Device
                0x08001588       0xb2 ./driver/src/otg.o
 *fill*         0x0800163a        0x2 
 .text.OTG_FS_Core_Init
                0x0800163c      0x14c ./driver/src/otg.o
                0x0800163c                OTG_FS_Core_Init
 .text.OTG_FS_Device_Init
                0x08001788       0x7e ./driver/src/otg.o
                0x08001788                OTG_FS_Device_Init
 *fill*         0x08001806        0x2 
 .text.USB_Handle_Setup
                0x08001808      0x708 ./driver/src/otg.o
                0x08001808                USB_Handle_Setup
 .text.OTG_IRQ_Handle
                0x08001f10      0x600 ./driver/src/otg.o
                0x08001f10                OTG_IRQ_Handle
 .text.TIM_CLOCK
                0x08002510       0xac ./driver/src/timer.o
                0x08002510                TIM_CLOCK
 .text.TIM_Init
                0x080025bc       0xb6 ./driver/src/timer.o
                0x080025bc                TIM_Init
 .text.TIM_IRQ_Handle
                0x08002672       0x44 ./driver/src/timer.o
                0x08002672                TIM_IRQ_Handle
 *fill*         0x080026b6        0x2 
 .text.__libc_init_array
                0x080026b8       0x48 D:/STM32CubeIDE_1.16.1/STM32CubeIDE/plugins/com.st.stm32cube.ide.mcu.externaltools.gnu-tools-for-stm32.12.3.rel1.win32_1.0.200.202406191623/tools/bin/../lib/gcc/arm-none-eabi/12.3.1/../../../../arm-none-eabi/lib/thumb/v7e-m+fp/hard\libc_nano.a(libc_a-init.o)
                0x080026b8                __libc_init_array
 *(.glue_7)
 .glue_7        0x08002700        0x0 linker stubs
 *(.glue_7t)
 .glue_7t       0x08002700        0x0 linker stubs
 *(.eh_frame)
 .eh_frame      0x08002700        0x0 D:/STM32CubeIDE_1.16.1/STM32CubeIDE/plugins/com.st.stm32cube.ide.mcu.externaltools.gnu-tools-for-stm32.12.3.rel1.win32_1.0.200.202406191623/tools/bin/../lib/gcc/arm-none-eabi/12.3.1/thumb/v7e-m+fp/hard/crtbegin.o
 *(.init)
 .init          0x08002700        0x4 D:/STM32CubeIDE_1.16.1/STM32CubeIDE/plugins/com.st.stm32cube.ide.mcu.externaltools.gnu-tools-for-stm32.12.3.rel1.win32_1.0.200.202406191623/tools/bin/../lib/gcc/arm-none-eabi/12.3.1/thumb/v7e-m+fp/hard/crti.o
                0x08002700                _init
 .init          0x08002704        0x8 D:/STM32CubeIDE_1.16.1/STM32CubeIDE/plugins/com.st.stm32cube.ide.mcu.externaltools.gnu-tools-for-stm32.12.3.rel1.win32_1.0.200.202406191623/tools/bin/../lib/gcc/arm-none-eabi/12.3.1/thumb/v7e-m+fp/hard/crtn.o
 *(.fini)
 .fini          0x0800270c        0x4 D:/STM32CubeIDE_1.16.1/STM32CubeIDE/plugins/com.st.stm32cube.ide.mcu.externaltools.gnu-tools-for-stm32.12.3.rel1.win32_1.0.200.202406191623/tools/bin/../lib/gcc/arm-none-eabi/12.3.1/thumb/v7e-m+fp/hard/crti.o
                0x0800270c                _fini
 .fini          0x08002710        0x8 D:/STM32CubeIDE_1.16.1/STM32CubeIDE/plugins/com.st.stm32cube.ide.mcu.externaltools.gnu-tools-for-stm32.12.3.rel1.win32_1.0.200.202406191623/tools/bin/../lib/gcc/arm-none-eabi/12.3.1/thumb/v7e-m+fp/hard/crtn.o
                0x08002718                        . = ALIGN (0x4)
                0x08002718                        _etext = .

.vfp11_veneer   0x08002718        0x0
 .vfp11_veneer  0x08002718        0x0 linker stubs

.v4_bx          0x08002718        0x0
 .v4_bx         0x08002718        0x0 linker stubs

.iplt           0x08002718        0x0
 .iplt          0x08002718        0x0 D:/STM32CubeIDE_1.16.1/STM32CubeIDE/plugins/com.st.stm32cube.ide.mcu.externaltools.gnu-tools-for-stm32.12.3.rel1.win32_1.0.200.202406191623/tools/bin/../lib/gcc/arm-none-eabi/12.3.1/thumb/v7e-m+fp/hard/crtbegin.o

.rodata         0x08002718        0x4
                0x08002718                        . = ALIGN (0x4)
 *(.rodata)
 .rodata        0x08002718        0x4 ./Src/main.o
 *(.rodata*)
                0x0800271c                        . = ALIGN (0x4)

.ARM.extab      0x0800271c        0x0
                0x0800271c                        . = ALIGN (0x4)
 *(.ARM.extab* .gnu.linkonce.armextab.*)
                0x0800271c                        . = ALIGN (0x4)

.ARM            0x0800271c        0x0
                0x0800271c                        . = ALIGN (0x4)
                0x0800271c                        __exidx_start = .
 *(.ARM.exidx*)
                0x0800271c                        __exidx_end = .
                0x0800271c                        . = ALIGN (0x4)

.preinit_array  0x0800271c        0x0
                0x0800271c                        . = ALIGN (0x4)
                0x0800271c                        PROVIDE (__preinit_array_start = .)
 *(.preinit_array*)
                0x0800271c                        PROVIDE (__preinit_array_end = .)
                0x0800271c                        . = ALIGN (0x4)

.init_array     0x0800271c        0x4
                0x0800271c                        . = ALIGN (0x4)
                0x0800271c                        PROVIDE (__init_array_start = .)
 *(SORT_BY_NAME(.init_array.*))
 *(.init_array*)
 .init_array    0x0800271c        0x4 D:/STM32CubeIDE_1.16.1/STM32CubeIDE/plugins/com.st.stm32cube.ide.mcu.externaltools.gnu-tools-for-stm32.12.3.rel1.win32_1.0.200.202406191623/tools/bin/../lib/gcc/arm-none-eabi/12.3.1/thumb/v7e-m+fp/hard/crtbegin.o
                0x08002720                        PROVIDE (__init_array_end = .)
                0x08002720                        . = ALIGN (0x4)

.fini_array     0x08002720        0x4
                0x08002720                        . = ALIGN (0x4)
                [!provide]                        PROVIDE (__fini_array_start = .)
 *(SORT_BY_NAME(.fini_array.*))
 *(.fini_array*)
 .fini_array    0x08002720        0x4 D:/STM32CubeIDE_1.16.1/STM32CubeIDE/plugins/com.st.stm32cube.ide.mcu.externaltools.gnu-tools-for-stm32.12.3.rel1.win32_1.0.200.202406191623/tools/bin/../lib/gcc/arm-none-eabi/12.3.1/thumb/v7e-m+fp/hard/crtbegin.o
                [!provide]                        PROVIDE (__fini_array_end = .)
                0x08002724                        . = ALIGN (0x4)
                0x08002724                        _sidata = LOADADDR (.data)

.rel.dyn        0x08002724        0x0
 .rel.iplt      0x08002724        0x0 D:/STM32CubeIDE_1.16.1/STM32CubeIDE/plugins/com.st.stm32cube.ide.mcu.externaltools.gnu-tools-for-stm32.12.3.rel1.win32_1.0.200.202406191623/tools/bin/../lib/gcc/arm-none-eabi/12.3.1/thumb/v7e-m+fp/hard/crtbegin.o

.data           0x20000000       0x5c load address 0x08002724
                0x20000000                        . = ALIGN (0x4)
                0x20000000                        _sdata = .
 *(.data)
 *(.data*)
 .data.servo_last
                0x20000000        0x2 ./Src/main.o
                0x20000000                servo_last
 .data.servo_cur
                0x20000002        0x2 ./Src/main.o
                0x20000002                servo_cur
 .data.device_descriptor
                0x20000004       0x12 ./driver/src/otg.o
 *fill*         0x20000016        0x2 
 .data.config_descriptor
                0x20000018       0x43 ./driver/src/otg.o
 *(.RamFunc)
 *(.RamFunc*)
                0x2000005c                        . = ALIGN (0x4)
 *fill*         0x2000005b        0x1 
                0x2000005c                        _edata = .
                0x08002780                        _siccmram = LOADADDR (.ccmram)

.igot.plt       0x2000005c        0x0 load address 0x08002780
 .igot.plt      0x2000005c        0x0 D:/STM32CubeIDE_1.16.1/STM32CubeIDE/plugins/com.st.stm32cube.ide.mcu.externaltools.gnu-tools-for-stm32.12.3.rel1.win32_1.0.200.202406191623/tools/bin/../lib/gcc/arm-none-eabi/12.3.1/thumb/v7e-m+fp/hard/crtbegin.o

.ccmram         0x10000000        0x0 load address 0x08002780
                0x10000000                        . = ALIGN (0x4)
                0x10000000                        _sccmram = .
 *(.ccmram)
 *(.ccmram*)
                0x10000000                        . = ALIGN (0x4)
                0x10000000                        _eccmram = .
                0x10000000                        . = ALIGN (0x4)

.bss            0x2000005c      0x1cc
                0x2000005c                        _sbss = .
                0x2000005c                        __bss_start__ = _sbss
 *(.bss)
 .bss           0x2000005c       0x1c D:/STM32CubeIDE_1.16.1/STM32CubeIDE/plugins/com.st.stm32cube.ide.mcu.externaltools.gnu-tools-for-stm32.12.3.rel1.win32_1.0.200.202406191623/tools/bin/../lib/gcc/arm-none-eabi/12.3.1/thumb/v7e-m+fp/hard/crtbegin.o
 *(.bss*)
 .bss.g         0x20000078       0x10 ./Src/main.o
                0x20000078                g
 .bss.packet    0x20000088      0x100 ./Src/main.o
                0x20000088                packet
 .bss.op        0x20000188        0x8 ./Src/main.o
                0x20000188                op
 .bss.mode      0x20000190        0x1 ./Src/main.o
                0x20000190                mode
 .bss.pktsts    0x20000191        0x1 ./Src/main.o
                0x20000191                pktsts
 .bss.count     0x20000192        0x1 ./Src/main.o
                0x20000192                count
 .bss.count1    0x20000193        0x1 ./Src/main.o
                0x20000193                count1
 .bss.bcnt      0x20000194        0x2 ./Src/main.o
                0x20000194                bcnt
 .bss.addr      0x20000196        0x2 ./Src/main.o
                0x20000196                addr
 .bss.addr1     0x20000198        0x2 ./Src/main.o
                0x20000198                addr1
 *fill*         0x2000019a        0x2 
 .bss.set_line  0x2000019c        0x7 ./Src/main.o
                0x2000019c                set_line
 *fill*         0x200001a3        0x1 
 .bss.receive   0x200001a4       0x40 ./Src/main.o
                0x200001a4                receive
 .bss.key       0x200001e4        0x1 ./Src/main.o
                0x200001e4                key
 .bss.rei       0x200001e5        0x1 ./Src/main.o
                0x200001e5                rei
 *fill*         0x200001e6        0x2 
 .bss.tim1      0x200001e8       0x10 ./Src/main.o
                0x200001e8                tim1
 .bss.tim2      0x200001f8       0x10 ./Src/main.o
                0x200001f8                tim2
 .bss.dem       0x20000208        0x4 ./Src/main.o
                0x20000208                dem
 .bss.count2    0x2000020c        0x4 ./Src/main.o
                0x2000020c                count2
 .bss.count3    0x20000210        0x4 ./Src/main.o
                0x20000210                count3
 .bss.count4    0x20000214        0x4 ./Src/main.o
                0x20000214                count4
 .bss.count5    0x20000218        0x4 ./Src/main.o
                0x20000218                count5
 .bss.pi        0x2000021c        0x2 ./Src/main.o
                0x2000021c                pi
 .bss.hi        0x2000021e        0x2 ./Src/main.o
                0x2000021e                hi
 .bss.befor     0x20000220        0x2 ./Src/main.o
                0x20000220                befor
 .bss.befor1    0x20000222        0x2 ./Src/main.o
                0x20000222                befor1
 .bss.flag1     0x20000224        0x1 ./Src/main.o
                0x20000224                flag1
 .bss.flag2     0x20000225        0x1 ./Src/main.o
                0x20000225                flag2
 .bss.flag4     0x20000226        0x1 ./Src/main.o
                0x20000226                flag4
 *(COMMON)
                0x20000228                        . = ALIGN (0x4)
 *fill*         0x20000227        0x1 
                0x20000228                        _ebss = .
                0x20000228                        __bss_end__ = _ebss

._user_heap_stack
                0x20000228      0x600
                0x20000228                        . = ALIGN (0x8)
                [!provide]                        PROVIDE (end = .)
                0x20000228                        PROVIDE (_end = .)
                0x20000428                        . = (. + _Min_Heap_Size)
 *fill*         0x20000228      0x200 
                0x20000828                        . = (. + _Min_Stack_Size)
 *fill*         0x20000428      0x400 
                0x20000828                        . = ALIGN (0x8)

/DISCARD/
 libc.a(*)
 libm.a(*)
 libgcc.a(*)

.ARM.attributes
                0x00000000       0x30
 *(.ARM.attributes)
 .ARM.attributes
                0x00000000       0x22 D:/STM32CubeIDE_1.16.1/STM32CubeIDE/plugins/com.st.stm32cube.ide.mcu.externaltools.gnu-tools-for-stm32.12.3.rel1.win32_1.0.200.202406191623/tools/bin/../lib/gcc/arm-none-eabi/12.3.1/thumb/v7e-m+fp/hard/crti.o
 .ARM.attributes
                0x00000022       0x34 D:/STM32CubeIDE_1.16.1/STM32CubeIDE/plugins/com.st.stm32cube.ide.mcu.externaltools.gnu-tools-for-stm32.12.3.rel1.win32_1.0.200.202406191623/tools/bin/../lib/gcc/arm-none-eabi/12.3.1/thumb/v7e-m+fp/hard/crtbegin.o
 .ARM.attributes
                0x00000056       0x34 ./Src/main.o
 .ARM.attributes
                0x0000008a       0x21 ./Startup/startup_stm32f407vgtx.o
 .ARM.attributes
                0x000000ab       0x34 ./driver/src/gpio.o
 .ARM.attributes
                0x000000df       0x34 ./driver/src/otg.o
 .ARM.attributes
                0x00000113       0x34 ./driver/src/timer.o
 .ARM.attributes
                0x00000147       0x34 D:/STM32CubeIDE_1.16.1/STM32CubeIDE/plugins/com.st.stm32cube.ide.mcu.externaltools.gnu-tools-for-stm32.12.3.rel1.win32_1.0.200.202406191623/tools/bin/../lib/gcc/arm-none-eabi/12.3.1/../../../../arm-none-eabi/lib/thumb/v7e-m+fp/hard\libc_nano.a(libc_a-init.o)
 .ARM.attributes
                0x0000017b       0x22 D:/STM32CubeIDE_1.16.1/STM32CubeIDE/plugins/com.st.stm32cube.ide.mcu.externaltools.gnu-tools-for-stm32.12.3.rel1.win32_1.0.200.202406191623/tools/bin/../lib/gcc/arm-none-eabi/12.3.1/thumb/v7e-m+fp/hard/crtn.o
OUTPUT(may_ve_tranh.elf elf32-littlearm)
LOAD linker stubs
LOAD D:/STM32CubeIDE_1.16.1/STM32CubeIDE/plugins/com.st.stm32cube.ide.mcu.externaltools.gnu-tools-for-stm32.12.3.rel1.win32_1.0.200.202406191623/tools/bin/../lib/gcc/arm-none-eabi/12.3.1/../../../../arm-none-eabi/lib/thumb/v7e-m+fp/hard\libc.a
LOAD D:/STM32CubeIDE_1.16.1/STM32CubeIDE/plugins/com.st.stm32cube.ide.mcu.externaltools.gnu-tools-for-stm32.12.3.rel1.win32_1.0.200.202406191623/tools/bin/../lib/gcc/arm-none-eabi/12.3.1/../../../../arm-none-eabi/lib/thumb/v7e-m+fp/hard\libm.a
LOAD D:/STM32CubeIDE_1.16.1/STM32CubeIDE/plugins/com.st.stm32cube.ide.mcu.externaltools.gnu-tools-for-stm32.12.3.rel1.win32_1.0.200.202406191623/tools/bin/../lib/gcc/arm-none-eabi/12.3.1/thumb/v7e-m+fp/hard\libgcc.a

.debug_info     0x00000000     0x2a7d
 .debug_info    0x00000000     0x11bc ./Src/main.o
 .debug_info    0x000011bc       0x30 ./Startup/startup_stm32f407vgtx.o
 .debug_info    0x000011ec      0x618 ./driver/src/gpio.o
 .debug_info    0x00001804      0xdab ./driver/src/otg.o
 .debug_info    0x000025af      0x4ce ./driver/src/timer.o

.debug_abbrev   0x00000000      0x792
 .debug_abbrev  0x00000000      0x2a3 ./Src/main.o
 .debug_abbrev  0x000002a3       0x24 ./Startup/startup_stm32f407vgtx.o
 .debug_abbrev  0x000002c7      0x13d ./driver/src/gpio.o
 .debug_abbrev  0x00000404      0x244 ./driver/src/otg.o
 .debug_abbrev  0x00000648      0x14a ./driver/src/timer.o

.debug_aranges  0x00000000      0x178
 .debug_aranges
                0x00000000       0x78 ./Src/main.o
 .debug_aranges
                0x00000078       0x28 ./Startup/startup_stm32f407vgtx.o
 .debug_aranges
                0x000000a0       0x58 ./driver/src/gpio.o
 .debug_aranges
                0x000000f8       0x48 ./driver/src/otg.o
 .debug_aranges
                0x00000140       0x38 ./driver/src/timer.o

.debug_rnglists
                0x00000000      0x124
 .debug_rnglists
                0x00000000       0x5a ./Src/main.o
 .debug_rnglists
                0x0000005a       0x19 ./Startup/startup_stm32f407vgtx.o
 .debug_rnglists
                0x00000073       0x40 ./driver/src/gpio.o
 .debug_rnglists
                0x000000b3       0x4a ./driver/src/otg.o
 .debug_rnglists
                0x000000fd       0x27 ./driver/src/timer.o

.debug_macro    0x00000000     0x288d
 .debug_macro   0x00000000      0x1cb ./Src/main.o
 .debug_macro   0x000001cb      0xaba ./Src/main.o
 .debug_macro   0x00000c85       0x22 ./Src/main.o
 .debug_macro   0x00000ca7       0x8e ./Src/main.o
 .debug_macro   0x00000d35       0x51 ./Src/main.o
 .debug_macro   0x00000d86      0x103 ./Src/main.o
 .debug_macro   0x00000e89       0x6a ./Src/main.o
 .debug_macro   0x00000ef3      0x1df ./Src/main.o
 .debug_macro   0x000010d2       0x2a ./Src/main.o
 .debug_macro   0x000010fc       0x61 ./Src/main.o
 .debug_macro   0x0000115d       0x43 ./Src/main.o
 .debug_macro   0x000011a0       0x34 ./Src/main.o
 .debug_macro   0x000011d4       0x16 ./Src/main.o
 .debug_macro   0x000011ea      0x11c ./Src/main.o
 .debug_macro   0x00001306       0x94 ./Src/main.o
 .debug_macro   0x0000139a       0x16 ./Src/main.o
 .debug_macro   0x000013b0       0x43 ./Src/main.o
 .debug_macro   0x000013f3       0x34 ./Src/main.o
 .debug_macro   0x00001427       0x10 ./Src/main.o
 .debug_macro   0x00001437       0x58 ./Src/main.o
 .debug_macro   0x0000148f       0x8e ./Src/main.o
 .debug_macro   0x0000151d       0x1c ./Src/main.o
 .debug_macro   0x00001539      0x177 ./Src/main.o
 .debug_macro   0x000016b0      0x369 ./Src/main.o
 .debug_macro   0x00001a19       0x16 ./Src/main.o
 .debug_macro   0x00001a2f       0x29 ./Src/main.o
 .debug_macro   0x00001a58      0x3c9 ./Src/main.o
 .debug_macro   0x00001e21      0x12a ./Src/main.o
 .debug_macro   0x00001f4b       0xac ./Src/main.o
 .debug_macro   0x00001ff7       0x16 ./Src/main.o
 .debug_macro   0x0000200d       0x35 ./Src/main.o
 .debug_macro   0x00002042       0x20 ./Src/main.o
 .debug_macro   0x00002062       0xb8 ./Src/main.o
 .debug_macro   0x0000211a       0x4c ./Src/main.o
 .debug_macro   0x00002166       0x34 ./Src/main.o
 .debug_macro   0x0000219a      0x19b ./Src/main.o
 .debug_macro   0x00002335      0x152 ./driver/src/gpio.o
 .debug_macro   0x00002487      0x156 ./driver/src/otg.o
 .debug_macro   0x000025dd      0x130 ./driver/src/otg.o
 .debug_macro   0x0000270d      0x152 ./driver/src/timer.o
 .debug_macro   0x0000285f       0x2e ./driver/src/timer.o

.debug_line     0x00000000     0x31b9
 .debug_line    0x00000000      0xbe8 ./Src/main.o
 .debug_line    0x00000be8       0x7b ./Startup/startup_stm32f407vgtx.o
 .debug_line    0x00000c63      0xb0a ./driver/src/gpio.o
 .debug_line    0x0000176d     0x131d ./driver/src/otg.o
 .debug_line    0x00002a8a      0x72f ./driver/src/timer.o

.debug_str      0x00000000     0x9cd1
 .debug_str     0x00000000     0x9b29 ./Src/main.o
                               0x9d6e (size before relaxing)
 .debug_str     0x00009b29       0x3f ./Startup/startup_stm32f407vgtx.o
                                 0x62 (size before relaxing)
 .debug_str     0x00009b68       0xa4 ./driver/src/gpio.o
                               0x8bc4 (size before relaxing)
 .debug_str     0x00009c0c       0x8d ./driver/src/otg.o
                               0x8df5 (size before relaxing)
 .debug_str     0x00009c99       0x38 ./driver/src/timer.o
                               0x884d (size before relaxing)

.comment        0x00000000       0x43
 .comment       0x00000000       0x43 ./Src/main.o
                                 0x44 (size before relaxing)
 .comment       0x00000043       0x44 ./driver/src/gpio.o
 .comment       0x00000043       0x44 ./driver/src/otg.o
 .comment       0x00000043       0x44 ./driver/src/timer.o

.debug_frame    0x00000000      0x4c4
 .debug_frame   0x00000000      0x1a0 ./Src/main.o
 .debug_frame   0x000001a0      0x150 ./driver/src/gpio.o
 .debug_frame   0x000002f0       0xfc ./driver/src/otg.o
 .debug_frame   0x000003ec       0xac ./driver/src/timer.o
 .debug_frame   0x00000498       0x2c D:/STM32CubeIDE_1.16.1/STM32CubeIDE/plugins/com.st.stm32cube.ide.mcu.externaltools.gnu-tools-for-stm32.12.3.rel1.win32_1.0.200.202406191623/tools/bin/../lib/gcc/arm-none-eabi/12.3.1/../../../../arm-none-eabi/lib/thumb/v7e-m+fp/hard\libc_nano.a(libc_a-init.o)

.debug_line_str
                0x00000000       0x46
 .debug_line_str
                0x00000000       0x46 ./Startup/startup_stm32f407vgtx.o
